../Core/Src/main.c:77:1:__io_putchar	16	static
../Core/Src/main.c:83:1:__io_getchar	16	static
../Core/Src/main.c:122:6:floatToUpperBytes	24	static
../Core/Src/main.c:134:6:floatToLowerBytes	24	static
../Core/Src/main.c:143:6:motorCalibration	16	static
../Core/Src/main.c:155:6:setPositionCommand	16	static
../Core/Src/main.c:181:6:setVelocityCommand	16	static
../Core/Src/main.c:212:5:main	40	static
../Core/Src/main.c:299:6:SystemClock_Config	160	static
../Core/Src/main.c:346:13:MX_CAN_Init	8	static
../Core/Src/main.c:383:13:MX_USART2_UART_Init	8	static
../Core/Src/main.c:418:13:MX_GPIO_Init	48	static
../Core/Src/main.c:464:6:Error_Handler	4	static,ignoring_inline_asm
