../Core/Src/main.c:72:1:__io_putchar	16	static
../Core/Src/main.c:78:1:__io_getchar	16	static
../Core/Src/main.c:117:6:floatToUpperBytes	24	static
../Core/Src/main.c:129:6:floatToLowerBytes	24	static
../Core/Src/main.c:138:6:motorCalibration	16	static
../Core/Src/main.c:153:6:setVelocityMode	24	static
../Core/Src/main.c:183:5:main	40	static
../Core/Src/main.c:261:6:SystemClock_Config	160	static
../Core/Src/main.c:308:13:MX_CAN_Init	8	static
../Core/Src/main.c:345:13:MX_USART2_UART_Init	8	static
../Core/Src/main.c:380:13:MX_GPIO_Init	48	static
../Core/Src/main.c:426:6:Error_Handler	4	static,ignoring_inline_asm
